06-04 16:33:53.170: D/ManetManagerApp(14059): onCreate()
06-04 16:33:53.190: V/ManetContext(14059): ManetHelper Constructor
06-04 16:33:53.190: V/ManetContext(14059): registerOpserver()
06-04 16:33:53.200: V/ViewLogActivityHelper(14059): setApplication()
06-04 16:33:53.200: V/ManetContext(14059): registerLogger()
06-04 16:33:53.200: D/MainActivity(14059): onCreate()
06-04 16:33:53.330: D/dalvikvm(14059): GC_FOR_ALLOC freed 130K, 3% free 7661K/7828K, paused 35ms, total 35ms
06-04 16:33:53.330: I/dalvikvm-heap(14059): Grow heap (frag case) to 8.553MB for 1088872-byte allocation
06-04 16:33:53.380: D/dalvikvm(14059): GC_FOR_ALLOC freed <1K, 2% free 8724K/8892K, paused 49ms, total 49ms
06-04 16:33:53.510: D/dalvikvm(14059): GC_FOR_ALLOC freed 5K, 2% free 8997K/9100K, paused 24ms, total 24ms
06-04 16:33:53.530: V/ManetContext(14059): registerOpserver()
06-04 16:33:53.530: V/ManetContext(14059): sendManetConfigQuery()
06-04 16:33:53.530: V/ManetContext(14059): sendMessage()
06-04 16:33:53.530: E/ManetHelper::sendMessage(14059): You must connect to the ManetService before sending messages to it!
06-04 16:33:53.530: V/MainActivity(14059): onEulaAccepted()
06-04 16:33:53.530: V/ManetContext(14059): isConenctedToService()
06-04 16:33:53.530: D/MainActivity(14059): onCreateDialog()
06-04 16:33:53.530: V/MainActivity(14059): onCreateDialog2()
06-04 16:33:53.620: V/ManetContext(14059): connectToService()
06-04 16:33:53.640: D/MainActivity(14059): onStart()
06-04 16:33:53.640: D/MainActivity(14059): onResume()
06-04 16:33:53.670: D/dalvikvm(14059): GC_FOR_ALLOC freed 19K, 1% free 9489K/9544K, paused 31ms, total 31ms
06-04 16:33:53.680: V/MessageService(14059): onCreated()
06-04 16:33:53.680: V/MessageService(14059): onStartCommand()
06-04 16:33:53.680: D/ManetManagerApp(14112): onCreate()
06-04 16:33:53.690: V/ManetContext(14112): ManetHelper Constructor
06-04 16:33:53.690: V/ManetContext(14112): registerOpserver()
06-04 16:33:53.690: V/ViewLogActivityHelper(14112): setApplication()
06-04 16:33:53.700: V/ManetContext(14112): registerLogger()
06-04 16:33:53.700: D/ManetService(14112): onCreate()
06-04 16:33:53.700: V/ManetServiceHelper(14112): getInstance()
06-04 16:33:53.700: V/ManetServiceHelper(14112): setService()
06-04 16:33:53.700: D/ManetServiceHelper(14112): setup
06-04 16:33:53.700: D/ManetServiceHelper(14112): Current directory is /data/data/org.span
06-04 16:33:53.710: V/ManetServiceHelper(14112): checkDirs()
06-04 16:33:53.710: D/ManetServiceHelper(14112): Directory '/data/data/org.span/bin' already exists!
06-04 16:33:53.710: D/ManetServiceHelper(14112): Directory '/data/data/org.span/var' already exists!
06-04 16:33:53.710: D/ManetServiceHelper(14112): Directory '/data/data/org.span/conf' already exists!
06-04 16:33:53.710: V/CoreTask(14112): isNetfilterSupported()
06-04 16:33:53.710: V/DeviceConfig(14112): hasKernelFeature()
06-04 16:33:53.730: V/DeviceConfig(14112): hasKernelFeature()
06-04 16:33:53.740: V/DeviceConfig(14112): hasKernelFeature()
06-04 16:33:53.780: V/CoreTask(14112): hasRootPermission()
06-04 16:33:53.780: V/ManetConfigHelper(14112): readConfig()
06-04 16:33:53.780: V/ManetConfigHelper(14112): readConfig()
06-04 16:33:53.780: V/CoreTask(14112): readLinesFromFile()
06-04 16:33:53.800: V/MainActivity(14059): onReceive()
06-04 16:33:53.800: D/MainActivity(14059): Temp ==> 328 -- Celsius ==> 33 -- Fahrenheit ==> 90
06-04 16:33:53.820: D/dalvikvm(14112): GC_FOR_ALLOC freed 456K, 7% free 7662K/8156K, paused 26ms, total 26ms
06-04 16:33:53.820: V/ManetServiceHelper(14112): installFiles()
06-04 16:33:53.820: V/ManetConfigHelper(14112): readConfig()
06-04 16:33:53.820: V/CoreTask(14112): readLinesFromFile()
06-04 16:33:53.820: V/ManetServiceHelper(14112): updateConfigs()
06-04 16:33:53.820: V/ManetConfigHelper(14112): update()
06-04 16:33:53.820: V/ManetConfig(14112): getEnumFromString()
06-04 16:33:53.820: V/ManetConfig(14112): getEnumFromString()
06-04 16:33:53.820: V/ManetConfig(14112): getEnumFromString()
06-04 16:33:53.820: V/DeviceConfig(14112): getDeviceType()
06-04 16:33:53.820: I/System.out(14112): Build.MODEL: Nexus 7
06-04 16:33:53.820: V/DeviceConfig(14112): enableFixPersist()
06-04 16:33:53.820: V/DeviceConfig(14112): enableFixRoute()
06-04 16:33:53.820: V/DeviceConfig(14112): getWifiInterfaceDriver()
06-04 16:33:53.820: V/DeviceConfig(14112): getWifiInterfaceDriver()
06-04 16:33:53.820: V/DeviceConfig(14112): hasKernelFeature()
06-04 16:33:53.840: V/ManetConfigHelper(14112): writeConfig()
06-04 16:33:53.840: D/CoreTask(14112): Writing 625 bytes to file: /storage/emulated/0/manet.conf
06-04 16:33:53.840: D/CoreTask(14112): Writing 625 bytes to file: /data/data/org.span/conf/manet.conf
06-04 16:33:53.850: V/ManetConfig(14112): getEnumFromString()
06-04 16:33:53.850: V/ManetConfig(14112): getEnumFromString()
06-04 16:33:53.850: V/ManetConfig(14112): getEnumFromString()
06-04 16:33:53.850: V/DnsmasqConfig(14112): set() ipNetwork
06-04 16:33:53.850: V/CoreTask(14112): readLinesFromFile()
06-04 16:33:53.850: D/CoreTask(14112): Writing 0 bytes to file: /data/data/org.span/conf/dnsmasq.conf
06-04 16:33:53.850: V/CoreTask(14112): readLinesFromFile()
06-04 16:33:53.850: D/CoreTask(14112): Writing 0 bytes to file: /data/data/org.span/bin/blue-up.sh
06-04 16:33:53.850: V/ManetServiceHelper(14112): createRoutingProtocol()
06-04 16:33:53.850: V/RoutingIgnoreListsConfig(14112): set()
06-04 16:33:53.850: V/RoutingIgnoreListsConfig(14112): write()
06-04 16:33:53.850: D/CoreTask(14112): Writing 0 bytes to file: /data/data/org.span/conf/routing_ignore_list.conf
06-04 16:33:53.850: D/ManetServiceHelper(14112): Creation of configuration files took ==> 7 milliseconds.
06-04 16:33:53.860: V/ManetServiceHelper(14112): copyFile()
06-04 16:33:53.860: V/ManetServiceHelper(14112): copyFile2()
06-04 16:33:53.860: V/CoreTask(14112): runCommand()
06-04 16:33:53.880: V/CoreTask(14112): updateDnsmasqFilepath()
06-04 16:33:53.880: V/CoreTask(14112): readLinesFromFile()
06-04 16:33:53.880: V/ManetServiceHelper(14112): copyFile()
06-04 16:33:53.880: V/ManetServiceHelper(14112): copyFile2()
06-04 16:33:53.880: V/CoreTask(14112): runCommand()
06-04 16:33:53.900: V/ManetServiceHelper(14112): copyFile()
06-04 16:33:53.900: V/ManetServiceHelper(14112): copyFile2()
06-04 16:33:53.900: V/CoreTask(14112): runCommand()
06-04 16:33:53.920: V/CoreTask(14112): runCommand()
06-04 16:33:53.920: V/ManetContext(14059): onReceive()
06-04 16:33:53.940: D/ManetManagerApp(14059): device: nexus7
06-04 16:33:53.940: D/MainActivity(14059): onConfigUpdated()
06-04 16:33:53.940: V/ManetConfig(14059): getEnumFromString()
06-04 16:33:53.940: V/MainActivity(14059): showRadioMode()
06-04 16:33:53.950: V/MainActivity(14059): displayIPandSSID()
06-04 16:33:53.950: V/ManetServiceHelper(14112): copyFile()
06-04 16:33:53.950: V/ManetServiceHelper(14112): copyFile2()
06-04 16:33:53.950: V/CoreTask(14112): runCommand()
06-04 16:33:53.970: V/ManetServiceHelper(14112): copyFile()
06-04 16:33:53.970: V/ManetServiceHelper(14112): copyFile2()
06-04 16:33:53.970: V/CoreTask(14112): runCommand()
06-04 16:33:53.990: V/ManetServiceHelper(14112): copyFile()
06-04 16:33:53.990: V/ManetServiceHelper(14112): copyFile2()
06-04 16:33:53.990: V/CoreTask(14112): runCommand()
06-04 16:33:54.030: V/ManetServiceHelper(14112): copyFile()
06-04 16:33:54.030: V/ManetServiceHelper(14112): copyFile2()
06-04 16:33:54.030: V/CoreTask(14112): runCommand()
06-04 16:33:54.070: V/ManetServiceHelper(14112): copyFile()
06-04 16:33:54.070: V/ManetServiceHelper(14112): copyFile2()
06-04 16:33:54.070: V/CoreTask(14112): runCommand()
06-04 16:33:54.090: V/ManetServiceHelper(14112): copyFile()
06-04 16:33:54.090: V/ManetServiceHelper(14112): copyFile2()
06-04 16:33:54.090: V/CoreTask(14112): runCommand()
06-04 16:33:54.120: V/ManetServiceHelper(14112): copyFile()
06-04 16:33:54.120: V/ManetServiceHelper(14112): copyFile2()
06-04 16:33:54.120: V/CoreTask(14112): runCommand()
06-04 16:33:54.160: V/ManetServiceHelper(14112): copyFile()
06-04 16:33:54.160: V/ManetServiceHelper(14112): copyFile2()
06-04 16:33:54.160: V/CoreTask(14112): runCommand()
06-04 16:33:54.180: V/ManetServiceHelper(14112): copyFile()
06-04 16:33:54.180: V/ManetServiceHelper(14112): copyFile2()
06-04 16:33:54.180: V/CoreTask(14112): runCommand()
06-04 16:33:54.210: V/DeviceConfig(14112): enableFixPersist()
06-04 16:33:54.210: V/DeviceConfig(14112): enableFixRoute()
06-04 16:33:54.210: V/ManetServiceHelper(14112): copyFile()
06-04 16:33:54.210: V/ManetServiceHelper(14112): copyFile2()
06-04 16:33:54.210: V/CoreTask(14112): runCommand()
06-04 16:33:54.220: V/ManetServiceHelper(14112): copyFile()
06-04 16:33:54.220: V/ManetServiceHelper(14112): copyFile2()
06-04 16:33:54.220: V/CoreTask(14112): runCommand()
06-04 16:33:54.240: V/ManetServiceHelper(14112): copyFile()
06-04 16:33:54.240: V/ManetServiceHelper(14112): copyFile2()
06-04 16:33:54.240: V/CoreTask(14112): runCommand()
06-04 16:33:54.250: V/ManetServiceHelper(14112): copyFile()
06-04 16:33:54.250: V/ManetServiceHelper(14112): copyFile2()
06-04 16:33:54.250: V/CoreTask(14112): runCommand()
06-04 16:33:54.270: V/ManetServiceHelper(14112): copyFile()
06-04 16:33:54.270: V/ManetServiceHelper(14112): copyFile2()
06-04 16:33:54.270: V/CoreTask(14112): runCommand()
06-04 16:33:54.280: V/ManetServiceHelper(14112): copyFile()
06-04 16:33:54.280: V/ManetServiceHelper(14112): copyFile2()
06-04 16:33:54.280: V/CoreTask(14112): runCommand()
06-04 16:33:54.300: V/ManetServiceHelper(14112): copyFile()
06-04 16:33:54.300: V/ManetServiceHelper(14112): copyFile2()
06-04 16:33:54.300: V/CoreTask(14112): runCommand()
06-04 16:33:54.310: V/ManetServiceHelper(14112): copyFile()
06-04 16:33:54.310: V/ManetServiceHelper(14112): copyFile2()
06-04 16:33:54.310: V/CoreTask(14112): runCommand()
06-04 16:33:54.330: V/ManetServiceHelper(14112): DisplayMessageHandle sendMessage()
06-04 16:33:54.330: V/ManetServiceHelper(14112): updateConfigs()
06-04 16:33:54.330: V/ManetConfigHelper(14112): update()
06-04 16:33:54.330: V/ManetConfig(14112): getEnumFromString()
06-04 16:33:54.330: V/ManetConfig(14112): getEnumFromString()
06-04 16:33:54.330: V/ManetConfig(14112): getEnumFromString()
06-04 16:33:54.330: V/DeviceConfig(14112): getDeviceType()
06-04 16:33:54.330: I/System.out(14112): Build.MODEL: Nexus 7
06-04 16:33:54.330: V/DeviceConfig(14112): enableFixPersist()
06-04 16:33:54.330: V/DeviceConfig(14112): enableFixRoute()
06-04 16:33:54.330: V/DeviceConfig(14112): getWifiInterfaceDriver()
06-04 16:33:54.330: V/DeviceConfig(14112): getWifiInterfaceDriver()
06-04 16:33:54.330: V/DeviceConfig(14112): hasKernelFeature()
06-04 16:33:54.350: D/dalvikvm(14112): GC_FOR_ALLOC freed 446K, 6% free 7730K/8212K, paused 14ms, total 14ms
06-04 16:33:54.360: V/ManetConfigHelper(14112): writeConfig()
06-04 16:33:54.360: D/CoreTask(14112): Writing 625 bytes to file: /storage/emulated/0/manet.conf
06-04 16:33:54.360: D/CoreTask(14112): Writing 625 bytes to file: /data/data/org.span/conf/manet.conf
06-04 16:33:54.360: V/ManetConfig(14112): getEnumFromString()
06-04 16:33:54.360: V/ManetConfig(14112): getEnumFromString()
06-04 16:33:54.360: V/ManetConfig(14112): getEnumFromString()
06-04 16:33:54.360: V/DnsmasqConfig(14112): set() ipNetwork
06-04 16:33:54.360: V/CoreTask(14112): readLinesFromFile()
06-04 16:33:54.360: D/CoreTask(14112): Writing 0 bytes to file: /data/data/org.span/conf/dnsmasq.conf
06-04 16:33:54.360: V/CoreTask(14112): readLinesFromFile()
06-04 16:33:54.360: D/CoreTask(14112): Writing 0 bytes to file: /data/data/org.span/bin/blue-up.sh
06-04 16:33:54.360: V/RoutingIgnoreListsConfig(14112): set()
06-04 16:33:54.360: V/RoutingIgnoreListsConfig(14112): write()
06-04 16:33:54.360: D/CoreTask(14112): Writing 0 bytes to file: /data/data/org.span/conf/routing_ignore_list.conf
06-04 16:33:54.360: D/ManetServiceHelper(14112): Creation of configuration files took ==> 2 milliseconds.
06-04 16:33:54.360: V/DeviceConfig(14112): loadKernelModules()
06-04 16:33:54.360: V/ManetServiceHelper(14112): updateAdhocState()
06-04 16:33:54.360: V/CoreTask(14112): isProcessRunning()
06-04 16:33:54.360: V/CoreTask(14112): getPids()
06-04 16:33:54.360: V/CoreTask(14112): getRunningProcesses()
06-04 16:33:54.360: V/ManetContext(14059): onReceive()
06-04 16:33:54.370: D/ManetManagerApp(14059): device: nexus7
06-04 16:33:54.370: D/MainActivity(14059): onConfigUpdated()
06-04 16:33:54.370: V/ManetConfig(14059): getEnumFromString()
06-04 16:33:54.370: V/MainActivity(14059): showRadioMode()
06-04 16:33:54.370: V/MainActivity(14059): displayIPandSSID()
06-04 16:33:54.370: V/CoreTask(14112): readLinesFromFile()
06-04 16:33:54.370: V/CoreTask(14112): readLinesFromFile()
06-04 16:33:54.370: V/CoreTask(14112): readLinesFromFile()
06-04 16:33:54.370: V/CoreTask(14112): readLinesFromFile()
06-04 16:33:54.370: V/CoreTask(14112): readLinesFromFile()
06-04 16:33:54.370: V/CoreTask(14112): readLinesFromFile()
06-04 16:33:54.370: V/CoreTask(14112): readLinesFromFile()
06-04 16:33:54.370: V/CoreTask(14112): readLinesFromFile()
06-04 16:33:54.370: V/CoreTask(14112): readLinesFromFile()
06-04 16:33:54.370: V/CoreTask(14112): readLinesFromFile()
06-04 16:33:54.370: V/CoreTask(14112): readLinesFromFile()
06-04 16:33:54.370: V/CoreTask(14112): readLinesFromFile()
06-04 16:33:54.390: D/dalvikvm(14112): GC_FOR_ALLOC freed 499K, 7% free 7717K/8272K, paused 19ms, total 19ms
06-04 16:33:54.390: V/CoreTask(14112): readLinesFromFile()
06-04 16:33:54.390: V/CoreTask(14112): readLinesFromFile()
06-04 16:33:54.390: V/CoreTask(14112): readLinesFromFile()
06-04 16:33:54.390: V/CoreTask(14112): readLinesFromFile()
06-04 16:33:54.390: V/CoreTask(14112): readLinesFromFile()
06-04 16:33:54.390: V/CoreTask(14112): readLinesFromFile()
06-04 16:33:54.390: V/CoreTask(14112): readLinesFromFile()
06-04 16:33:54.390: V/CoreTask(14112): readLinesFromFile()
06-04 16:33:54.390: V/CoreTask(14112): readLinesFromFile()
06-04 16:33:54.400: V/CoreTask(14112): readLinesFromFile()
06-04 16:33:54.400: V/CoreTask(14112): readLinesFromFile()
06-04 16:33:54.400: V/CoreTask(14112): readLinesFromFile()
06-04 16:33:54.400: V/CoreTask(14112): readLinesFromFile()
06-04 16:33:54.400: V/CoreTask(14112): readLinesFromFile()
06-04 16:33:54.410: D/dalvikvm(14112): GC_FOR_ALLOC freed 354K, 7% free 7725K/8272K, paused 14ms, total 14ms
06-04 16:33:54.410: V/CoreTask(14112): readLinesFromFile()
06-04 16:33:54.410: V/CoreTask(14112): readLinesFromFile()
06-04 16:33:54.410: V/CoreTask(14112): readLinesFromFile()
06-04 16:33:54.410: V/CoreTask(14112): readLinesFromFile()
06-04 16:33:54.410: V/CoreTask(14112): readLinesFromFile()
06-04 16:33:54.410: V/CoreTask(14112): readLinesFromFile()
06-04 16:33:54.410: V/CoreTask(14112): readLinesFromFile()
06-04 16:33:54.410: V/CoreTask(14112): readLinesFromFile()
06-04 16:33:54.410: V/CoreTask(14112): readLinesFromFile()
06-04 16:33:54.410: V/CoreTask(14112): readLinesFromFile()
06-04 16:33:54.410: V/CoreTask(14112): readLinesFromFile()
06-04 16:33:54.420: V/CoreTask(14112): readLinesFromFile()
06-04 16:33:54.420: V/CoreTask(14112): readLinesFromFile()
06-04 16:33:54.420: V/CoreTask(14112): readLinesFromFile()
06-04 16:33:54.430: D/dalvikvm(14112): GC_FOR_ALLOC freed 353K, 7% free 7726K/8272K, paused 13ms, total 13ms
06-04 16:33:54.430: V/CoreTask(14112): readLinesFromFile()
06-04 16:33:54.430: V/CoreTask(14112): readLinesFromFile()
06-04 16:33:54.430: V/CoreTask(14112): readLinesFromFile()
06-04 16:33:54.430: V/CoreTask(14112): readLinesFromFile()
06-04 16:33:54.430: V/CoreTask(14112): readLinesFromFile()
06-04 16:33:54.430: V/CoreTask(14112): readLinesFromFile()
06-04 16:33:54.430: V/CoreTask(14112): readLinesFromFile()
06-04 16:33:54.430: V/CoreTask(14112): readLinesFromFile()
06-04 16:33:54.430: V/CoreTask(14112): readLinesFromFile()
06-04 16:33:54.430: V/CoreTask(14112): readLinesFromFile()
06-04 16:33:54.430: V/CoreTask(14112): readLinesFromFile()
06-04 16:33:54.440: V/CoreTask(14112): readLinesFromFile()
06-04 16:33:54.440: V/CoreTask(14112): readLinesFromFile()
06-04 16:33:54.440: V/CoreTask(14112): readLinesFromFile()
06-04 16:33:54.450: D/dalvikvm(14112): GC_FOR_ALLOC freed 354K, 7% free 7726K/8272K, paused 13ms, total 13ms
06-04 16:33:54.450: V/CoreTask(14112): readLinesFromFile()
06-04 16:33:54.450: V/CoreTask(14112): readLinesFromFile()
06-04 16:33:54.450: V/CoreTask(14112): readLinesFromFile()
06-04 16:33:54.450: V/CoreTask(14112): readLinesFromFile()
06-04 16:33:54.450: V/CoreTask(14112): readLinesFromFile()
06-04 16:33:54.450: V/CoreTask(14112): readLinesFromFile()
06-04 16:33:54.450: V/CoreTask(14112): readLinesFromFile()
06-04 16:33:54.450: V/CoreTask(14112): readLinesFromFile()
06-04 16:33:54.450: V/CoreTask(14112): readLinesFromFile()
06-04 16:33:54.450: V/CoreTask(14112): readLinesFromFile()
06-04 16:33:54.450: V/CoreTask(14112): readLinesFromFile()
06-04 16:33:54.450: V/CoreTask(14112): readLinesFromFile()
06-04 16:33:54.460: V/CoreTask(14112): readLinesFromFile()
06-04 16:33:54.460: V/CoreTask(14112): readLinesFromFile()
06-04 16:33:54.470: D/dalvikvm(14112): GC_FOR_ALLOC freed 355K, 7% free 7727K/8272K, paused 15ms, total 15ms
06-04 16:33:54.470: V/CoreTask(14112): readLinesFromFile()
06-04 16:33:54.470: V/CoreTask(14112): readLinesFromFile()
06-04 16:33:54.470: V/CoreTask(14112): readLinesFromFile()
06-04 16:33:54.470: V/CoreTask(14112): readLinesFromFile()
06-04 16:33:54.470: V/CoreTask(14112): readLinesFromFile()
06-04 16:33:54.470: V/CoreTask(14112): readLinesFromFile()
06-04 16:33:54.480: V/CoreTask(14112): readLinesFromFile()
06-04 16:33:54.480: V/CoreTask(14112): readLinesFromFile()
06-04 16:33:54.480: V/CoreTask(14112): readLinesFromFile()
06-04 16:33:54.480: V/CoreTask(14112): readLinesFromFile()
06-04 16:33:54.480: V/CoreTask(14112): readLinesFromFile()
06-04 16:33:54.480: V/CoreTask(14112): readLinesFromFile()
06-04 16:33:54.480: V/CoreTask(14112): readLinesFromFile()
06-04 16:33:54.480: V/CoreTask(14112): readLinesFromFile()
06-04 16:33:54.500: D/dalvikvm(14112): GC_FOR_ALLOC freed 361K, 7% free 7729K/8272K, paused 19ms, total 19ms
06-04 16:33:54.500: V/CoreTask(14112): readLinesFromFile()
06-04 16:33:54.500: V/CoreTask(14112): readLinesFromFile()
06-04 16:33:54.500: V/CoreTask(14112): readLinesFromFile()
06-04 16:33:54.500: V/CoreTask(14112): readLinesFromFile()
06-04 16:33:54.500: V/CoreTask(14112): readLinesFromFile()
06-04 16:33:54.500: V/CoreTask(14112): readLinesFromFile()
06-04 16:33:54.500: V/CoreTask(14112): readLinesFromFile()
06-04 16:33:54.500: V/CoreTask(14112): readLinesFromFile()
06-04 16:33:54.500: V/CoreTask(14112): readLinesFromFile()
06-04 16:33:54.510: V/CoreTask(14112): readLinesFromFile()
06-04 16:33:54.510: V/CoreTask(14112): readLinesFromFile()
06-04 16:33:54.510: V/CoreTask(14112): readLinesFromFile()
06-04 16:33:54.510: V/CoreTask(14112): readLinesFromFile()
06-04 16:33:54.510: V/CoreTask(14112): readLinesFromFile()
06-04 16:33:54.520: D/dalvikvm(14112): GC_FOR_ALLOC freed 358K, 7% free 7732K/8272K, paused 14ms, total 14ms
06-04 16:33:54.520: V/CoreTask(14112): readLinesFromFile()
06-04 16:33:54.520: V/CoreTask(14112): readLinesFromFile()
06-04 16:33:54.520: V/CoreTask(14112): readLinesFromFile()
06-04 16:33:54.530: V/CoreTask(14112): readLinesFromFile()
06-04 16:33:54.530: V/CoreTask(14112): readLinesFromFile()
06-04 16:33:54.530: V/CoreTask(14112): readLinesFromFile()
06-04 16:33:54.530: V/CoreTask(14112): readLinesFromFile()
06-04 16:33:54.530: V/CoreTask(14112): readLinesFromFile()
06-04 16:33:54.530: V/CoreTask(14112): readLinesFromFile()
06-04 16:33:54.530: V/CoreTask(14112): readLinesFromFile()
06-04 16:33:54.530: V/CoreTask(14112): readLinesFromFile()
06-04 16:33:54.530: V/CoreTask(14112): readLinesFromFile()
06-04 16:33:54.530: V/CoreTask(14112): readLinesFromFile()
06-04 16:33:54.530: V/CoreTask(14112): readLinesFromFile()
06-04 16:33:54.550: D/dalvikvm(14112): GC_FOR_ALLOC freed 359K, 7% free 7735K/8272K, paused 15ms, total 15ms
06-04 16:33:54.550: V/CoreTask(14112): readLinesFromFile()
06-04 16:33:54.550: V/CoreTask(14112): readLinesFromFile()
06-04 16:33:54.550: V/CoreTask(14112): readLinesFromFile()
06-04 16:33:54.550: V/CoreTask(14112): readLinesFromFile()
06-04 16:33:54.550: V/CoreTask(14112): readLinesFromFile()
06-04 16:33:54.550: V/CoreTask(14112): readLinesFromFile()
06-04 16:33:54.550: V/CoreTask(14112): readLinesFromFile()
06-04 16:33:54.550: V/CoreTask(14112): readLinesFromFile()
06-04 16:33:54.550: V/CoreTask(14112): readLinesFromFile()
06-04 16:33:54.550: V/CoreTask(14112): readLinesFromFile()
06-04 16:33:54.550: V/CoreTask(14112): readLinesFromFile()
06-04 16:33:54.550: V/CoreTask(14112): readLinesFromFile()
06-04 16:33:54.550: V/CoreTask(14112): readLinesFromFile()
06-04 16:33:54.550: V/CoreTask(14112): readLinesFromFile()
06-04 16:33:54.570: D/dalvikvm(14112): GC_FOR_ALLOC freed 357K, 7% free 7737K/8272K, paused 14ms, total 14ms
06-04 16:33:54.570: V/CoreTask(14112): readLinesFromFile()
06-04 16:33:54.570: V/CoreTask(14112): readLinesFromFile()
06-04 16:33:54.570: V/CoreTask(14112): readLinesFromFile()
06-04 16:33:54.570: V/CoreTask(14112): readLinesFromFile()
06-04 16:33:54.570: V/CoreTask(14112): readLinesFromFile()
06-04 16:33:54.570: V/CoreTask(14112): readLinesFromFile()
06-04 16:33:54.570: V/CoreTask(14112): readLinesFromFile()
06-04 16:33:54.570: V/CoreTask(14112): readLinesFromFile()
06-04 16:33:54.570: V/CoreTask(14112): readLinesFromFile()
06-04 16:33:54.570: V/CoreTask(14112): readLinesFromFile()
06-04 16:33:54.570: V/CoreTask(14112): readLinesFromFile()
06-04 16:33:54.570: V/CoreTask(14112): readLinesFromFile()
06-04 16:33:54.570: V/CoreTask(14112): readLinesFromFile()
06-04 16:33:54.570: V/CoreTask(14112): readLinesFromFile()
06-04 16:33:54.590: D/dalvikvm(14112): GC_FOR_ALLOC freed 356K, 7% free 7739K/8272K, paused 16ms, total 16ms
06-04 16:33:54.590: V/CoreTask(14112): readLinesFromFile()
06-04 16:33:54.590: V/CoreTask(14112): readLinesFromFile()
06-04 16:33:54.590: V/CoreTask(14112): readLinesFromFile()
06-04 16:33:54.590: V/CoreTask(14112): readLinesFromFile()
06-04 16:33:54.590: V/CoreTask(14112): readLinesFromFile()
06-04 16:33:54.590: V/CoreTask(14112): readLinesFromFile()
06-04 16:33:54.590: V/CoreTask(14112): readLinesFromFile()
06-04 16:33:54.590: V/CoreTask(14112): readLinesFromFile()
06-04 16:33:54.600: V/CoreTask(14112): readLinesFromFile()
06-04 16:33:54.600: V/CoreTask(14112): readLinesFromFile()
06-04 16:33:54.600: V/CoreTask(14112): isAdhocModeEnabled()
06-04 16:33:54.600: V/CoreTask(14112): isNetworkInterfaceUp()
06-04 16:33:54.600: V/CoreTask(14112): runCommandGetOutput()
06-04 16:33:54.610: V/CoreTask(14112): EmptyStreamThread()
06-04 16:33:54.610: V/CoreTask(14112): EmptyStreamThread()
06-04 16:33:54.620: V/CoreTask(14112): getOutput()
06-04 16:33:54.620: V/CircularStringBuffer(14112): toString()
06-04 16:33:54.620: V/CoreTask(14112): getOutput()
06-04 16:33:54.620: V/CircularStringBuffer(14112): toString()
06-04 16:33:54.620: V/ManetService(14112): showNotification()
06-04 16:33:54.630: V/ManetContext(14059): onReceive()
06-04 16:33:54.630: D/ManetManagerApp(14059): onAdhocStateUpdated()
06-04 16:33:54.630: D/MainActivity(14059): onAdhocStateUpdated()
06-04 16:33:54.630: D/MainActivity(14059): removeDialog()
06-04 16:33:54.630: D/ManetService(14112): onStartCommand
06-04 16:33:54.630: V/ManetContext(14112): onReceive()
06-04 16:33:54.640: D/ManetManagerApp(14112): device: nexus7
06-04 16:33:54.640: V/ManetServiceHelper(14112): DisplayMessageHandler handleMessage()
06-04 16:33:54.640: V/ManetServiceHelper(14112): displayToastMessage()
06-04 16:33:54.640: V/MainActivity(14059): showAdhocMode()
06-04 16:33:54.640: V/ManetManagerApp(14059): displayToastMessage()
06-04 16:33:54.650: V/ManetContext(14059): ManetServiceConnected onServiceConnected()
06-04 16:33:54.650: D/ManetManagerApp(14059): onServiceConnected()
06-04 16:33:54.650: D/MainActivity(14059): onServiceConnected()
06-04 16:33:54.650: D/MainActivity(14059): removeDialog()
06-04 16:33:54.650: V/ManetContext(14059): sendManetConfigQuery()
06-04 16:33:54.650: V/ManetContext(14059): sendMessage()
06-04 16:33:54.650: V/ManetContext(14059): sendAdhocStatusQuery()
06-04 16:33:54.650: V/ManetContext(14059): sendMessage()
06-04 16:33:54.650: V/ManetContext(14112): onReceive()
06-04 16:33:54.670: D/ManetManagerApp(14112): device: nexus7
06-04 16:33:54.670: V/ManetContext(14112): onReceive()
06-04 16:33:54.680: D/ManetManagerApp(14112): onAdhocStateUpdated()
06-04 16:33:54.680: V/ManetService(14112): IncomingHandler handleMessage()
06-04 16:33:54.680: V/ManetServiceHelper(14112): handleManetConfigQuery()
06-04 16:33:54.700: V/ManetService(14112): IncomingHandler handleMessage()
06-04 16:33:54.700: V/ManetServiceHelper(14112): handleAdhocStatusQuery()
06-04 16:33:54.700: V/ManetServiceHelper(14112): updateAdhocState()
06-04 16:33:54.700: V/CoreTask(14112): isProcessRunning()
06-04 16:33:54.700: V/CoreTask(14112): getPids()
06-04 16:33:54.700: V/CoreTask(14112): getRunningProcesses()
06-04 16:33:54.760: V/CoreTask(14112): readLinesFromFile()
06-04 16:33:54.790: D/dalvikvm(14112): GC_FOR_ALLOC freed 484K, 7% free 7747K/8272K, paused 32ms, total 32ms
06-04 16:33:54.800: V/CoreTask(14112): readLinesFromFile()
06-04 16:33:54.800: V/CoreTask(14112): readLinesFromFile()
06-04 16:33:54.800: V/CoreTask(14112): readLinesFromFile()
06-04 16:33:54.800: V/CoreTask(14112): readLinesFromFile()
06-04 16:33:54.810: V/CoreTask(14112): readLinesFromFile()
06-04 16:33:54.810: V/CoreTask(14112): readLinesFromFile()
06-04 16:33:54.810: V/CoreTask(14112): readLinesFromFile()
06-04 16:33:54.810: V/CoreTask(14112): readLinesFromFile()
06-04 16:33:54.810: V/CoreTask(14112): readLinesFromFile()
06-04 16:33:54.820: V/CoreTask(14112): readLinesFromFile()
06-04 16:33:54.820: V/CoreTask(14112): readLinesFromFile()
06-04 16:33:54.820: V/CoreTask(14112): readLinesFromFile()
06-04 16:33:54.830: V/ManetContext(14059): IncomingHandler handleMessage()
06-04 16:33:54.830: V/CoreTask(14112): readLinesFromFile()
06-04 16:33:54.830: V/CoreTask(14112): readLinesFromFile()
06-04 16:33:54.830: D/ManetManagerApp(14059): device: nexus7
06-04 16:33:54.830: D/MainActivity(14059): onConfigUpdated()
06-04 16:33:54.830: V/ManetConfig(14059): getEnumFromString()
06-04 16:33:54.830: V/MainActivity(14059): showRadioMode()
06-04 16:33:54.830: V/MainActivity(14059): displayIPandSSID()
06-04 16:33:54.860: D/dalvikvm(14112): GC_FOR_ALLOC freed 357K, 7% free 7745K/8292K, paused 32ms, total 33ms
06-04 16:33:54.860: V/CoreTask(14112): readLinesFromFile()
06-04 16:33:54.860: V/CoreTask(14112): readLinesFromFile()
06-04 16:33:54.870: V/CoreTask(14112): readLinesFromFile()
06-04 16:33:54.870: V/CoreTask(14112): readLinesFromFile()
06-04 16:33:54.870: V/CoreTask(14112): readLinesFromFile()
06-04 16:33:54.870: V/CoreTask(14112): readLinesFromFile()
06-04 16:33:54.870: V/CoreTask(14112): readLinesFromFile()
06-04 16:33:54.880: V/CoreTask(14112): readLinesFromFile()
06-04 16:33:54.880: V/CoreTask(14112): readLinesFromFile()
06-04 16:33:54.880: V/CoreTask(14112): readLinesFromFile()
06-04 16:33:54.880: V/CoreTask(14112): readLinesFromFile()
06-04 16:33:54.880: V/CoreTask(14112): readLinesFromFile()
06-04 16:33:54.880: V/CoreTask(14112): readLinesFromFile()
06-04 16:33:54.890: V/CoreTask(14112): readLinesFromFile()
06-04 16:33:54.910: D/dalvikvm(14112): GC_FOR_ALLOC freed 353K, 7% free 7745K/8292K, paused 20ms, total 24ms
06-04 16:33:54.910: V/CoreTask(14112): readLinesFromFile()
06-04 16:33:54.910: V/CoreTask(14112): readLinesFromFile()
06-04 16:33:54.910: V/CoreTask(14112): readLinesFromFile()
06-04 16:33:54.910: V/CoreTask(14112): readLinesFromFile()
06-04 16:33:54.910: V/CoreTask(14112): readLinesFromFile()
06-04 16:33:54.920: V/CoreTask(14112): readLinesFromFile()
06-04 16:33:54.920: V/CoreTask(14112): readLinesFromFile()
06-04 16:33:54.920: V/CoreTask(14112): readLinesFromFile()
06-04 16:33:54.920: V/CoreTask(14112): readLinesFromFile()
06-04 16:33:54.920: V/CoreTask(14112): readLinesFromFile()
06-04 16:33:54.920: V/CoreTask(14112): readLinesFromFile()
06-04 16:33:54.920: V/CoreTask(14112): readLinesFromFile()
06-04 16:33:54.930: V/CoreTask(14112): readLinesFromFile()
06-04 16:33:54.930: V/CoreTask(14112): readLinesFromFile()
06-04 16:33:54.950: D/dalvikvm(14112): GC_FOR_ALLOC freed 353K, 7% free 7746K/8292K, paused 21ms, total 21ms
06-04 16:33:54.950: V/CoreTask(14112): readLinesFromFile()
06-04 16:33:54.950: V/CoreTask(14112): readLinesFromFile()
06-04 16:33:54.950: V/CoreTask(14112): readLinesFromFile()
06-04 16:33:54.950: V/CoreTask(14112): readLinesFromFile()
06-04 16:33:54.950: V/CoreTask(14112): readLinesFromFile()
06-04 16:33:54.950: V/CoreTask(14112): readLinesFromFile()
06-04 16:33:54.950: V/CoreTask(14112): readLinesFromFile()
06-04 16:33:54.950: V/CoreTask(14112): readLinesFromFile()
06-04 16:33:54.950: V/CoreTask(14112): readLinesFromFile()
06-04 16:33:54.950: V/CoreTask(14112): readLinesFromFile()
06-04 16:33:54.950: V/CoreTask(14112): readLinesFromFile()
06-04 16:33:54.960: V/CoreTask(14112): readLinesFromFile()
06-04 16:33:54.960: V/CoreTask(14112): readLinesFromFile()
06-04 16:33:54.960: V/CoreTask(14112): readLinesFromFile()
06-04 16:33:54.990: D/dalvikvm(14112): GC_FOR_ALLOC freed 354K, 7% free 7747K/8292K, paused 30ms, total 30ms
06-04 16:33:54.990: V/CoreTask(14112): readLinesFromFile()
06-04 16:33:54.990: V/CoreTask(14112): readLinesFromFile()
06-04 16:33:54.990: V/CoreTask(14112): readLinesFromFile()
06-04 16:33:54.990: V/CoreTask(14112): readLinesFromFile()
06-04 16:33:54.990: V/CoreTask(14112): readLinesFromFile()
06-04 16:33:55.000: V/CoreTask(14112): readLinesFromFile()
06-04 16:33:55.000: V/CoreTask(14112): readLinesFromFile()
06-04 16:33:55.000: V/CoreTask(14112): readLinesFromFile()
06-04 16:33:55.000: V/CoreTask(14112): readLinesFromFile()
06-04 16:33:55.000: V/CoreTask(14112): readLinesFromFile()
06-04 16:33:55.000: V/CoreTask(14112): readLinesFromFile()
06-04 16:33:55.000: V/CoreTask(14112): readLinesFromFile()
06-04 16:33:55.000: V/CoreTask(14112): readLinesFromFile()
06-04 16:33:55.000: V/CoreTask(14112): readLinesFromFile()
06-04 16:33:55.030: D/dalvikvm(14112): GC_FOR_ALLOC freed 356K, 7% free 7747K/8292K, paused 21ms, total 21ms
06-04 16:33:55.030: V/CoreTask(14112): readLinesFromFile()
06-04 16:33:55.030: V/CoreTask(14112): readLinesFromFile()
06-04 16:33:55.030: V/CoreTask(14112): readLinesFromFile()
06-04 16:33:55.030: V/CoreTask(14112): readLinesFromFile()
06-04 16:33:55.030: V/CoreTask(14112): readLinesFromFile()
06-04 16:33:55.030: V/CoreTask(14112): readLinesFromFile()
06-04 16:33:55.030: V/CoreTask(14112): readLinesFromFile()
06-04 16:33:55.040: V/CoreTask(14112): readLinesFromFile()
06-04 16:33:55.040: V/CoreTask(14112): readLinesFromFile()
06-04 16:33:55.040: V/CoreTask(14112): readLinesFromFile()
06-04 16:33:55.040: V/CoreTask(14112): readLinesFromFile()
06-04 16:33:55.040: V/CoreTask(14112): readLinesFromFile()
06-04 16:33:55.040: V/CoreTask(14112): readLinesFromFile()
06-04 16:33:55.040: V/CoreTask(14112): readLinesFromFile()
06-04 16:33:55.060: D/dalvikvm(14112): GC_FOR_ALLOC freed 360K, 7% free 7750K/8292K, paused 21ms, total 21ms
06-04 16:33:55.060: V/CoreTask(14112): readLinesFromFile()
06-04 16:33:55.070: V/CoreTask(14112): readLinesFromFile()
06-04 16:33:55.070: V/CoreTask(14112): readLinesFromFile()
06-04 16:33:55.070: V/CoreTask(14112): readLinesFromFile()
06-04 16:33:55.070: V/CoreTask(14112): readLinesFromFile()
06-04 16:33:55.070: V/CoreTask(14112): readLinesFromFile()
06-04 16:33:55.070: V/CoreTask(14112): readLinesFromFile()
06-04 16:33:55.070: V/CoreTask(14112): readLinesFromFile()
06-04 16:33:55.080: V/CoreTask(14112): readLinesFromFile()
06-04 16:33:55.080: V/CoreTask(14112): readLinesFromFile()
06-04 16:33:55.080: V/CoreTask(14112): readLinesFromFile()
06-04 16:33:55.080: V/CoreTask(14112): readLinesFromFile()
06-04 16:33:55.080: V/CoreTask(14112): readLinesFromFile()
06-04 16:33:55.080: V/CoreTask(14112): readLinesFromFile()
06-04 16:33:55.110: D/dalvikvm(14112): GC_FOR_ALLOC freed 358K, 7% free 7753K/8292K, paused 31ms, total 31ms
06-04 16:33:55.110: V/CoreTask(14112): readLinesFromFile()
06-04 16:33:55.120: V/CoreTask(14112): readLinesFromFile()
06-04 16:33:55.120: V/CoreTask(14112): readLinesFromFile()
06-04 16:33:55.120: V/CoreTask(14112): readLinesFromFile()
06-04 16:33:55.120: V/CoreTask(14112): readLinesFromFile()
06-04 16:33:55.120: V/CoreTask(14112): readLinesFromFile()
06-04 16:33:55.120: V/CoreTask(14112): readLinesFromFile()
06-04 16:33:55.120: V/CoreTask(14112): readLinesFromFile()
06-04 16:33:55.120: V/CoreTask(14112): readLinesFromFile()
06-04 16:33:55.130: V/CoreTask(14112): readLinesFromFile()
06-04 16:33:55.130: V/CoreTask(14112): readLinesFromFile()
06-04 16:33:55.130: V/CoreTask(14112): readLinesFromFile()
06-04 16:33:55.130: V/CoreTask(14112): readLinesFromFile()
06-04 16:33:55.130: V/CoreTask(14112): readLinesFromFile()
06-04 16:33:55.150: D/dalvikvm(14112): GC_FOR_ALLOC freed 357K, 7% free 7755K/8292K, paused 18ms, total 18ms
06-04 16:33:55.150: V/CoreTask(14112): readLinesFromFile()
06-04 16:33:55.150: V/CoreTask(14112): readLinesFromFile()
06-04 16:33:55.150: V/CoreTask(14112): readLinesFromFile()
06-04 16:33:55.150: V/CoreTask(14112): readLinesFromFile()
06-04 16:33:55.150: V/CoreTask(14112): readLinesFromFile()
06-04 16:33:55.160: V/CoreTask(14112): readLinesFromFile()
06-04 16:33:55.160: V/CoreTask(14112): readLinesFromFile()
06-04 16:33:55.160: V/CoreTask(14112): readLinesFromFile()
06-04 16:33:55.160: V/CoreTask(14112): readLinesFromFile()
06-04 16:33:55.160: V/CoreTask(14112): readLinesFromFile()
06-04 16:33:55.160: V/CoreTask(14112): readLinesFromFile()
06-04 16:33:55.160: V/CoreTask(14112): readLinesFromFile()
06-04 16:33:55.160: V/CoreTask(14112): readLinesFromFile()
06-04 16:33:55.160: V/CoreTask(14112): readLinesFromFile()
06-04 16:33:55.180: D/dalvikvm(14112): GC_FOR_ALLOC freed 358K, 7% free 7758K/8292K, paused 18ms, total 18ms
06-04 16:33:55.180: V/CoreTask(14112): readLinesFromFile()
06-04 16:33:55.180: V/CoreTask(14112): readLinesFromFile()
06-04 16:33:55.190: V/CoreTask(14112): readLinesFromFile()
06-04 16:33:55.190: V/CoreTask(14112): readLinesFromFile()
06-04 16:33:55.190: V/CoreTask(14112): readLinesFromFile()
06-04 16:33:55.190: V/CoreTask(14112): readLinesFromFile()
06-04 16:33:55.190: V/CoreTask(14112): readLinesFromFile()
06-04 16:33:55.190: V/CoreTask(14112): readLinesFromFile()
06-04 16:33:55.200: V/CoreTask(14112): readLinesFromFile()
06-04 16:33:55.200: V/CoreTask(14112): readLinesFromFile()
06-04 16:33:55.200: V/CoreTask(14112): readLinesFromFile()
06-04 16:33:55.200: V/CoreTask(14112): readLinesFromFile()
06-04 16:33:55.200: V/CoreTask(14112): readLinesFromFile()
06-04 16:33:55.200: V/CoreTask(14112): readLinesFromFile()
06-04 16:33:55.230: D/dalvikvm(14112): GC_FOR_ALLOC freed 355K, 7% free 7759K/8292K, paused 28ms, total 28ms
06-04 16:33:55.230: V/CoreTask(14112): readLinesFromFile()
06-04 16:33:55.230: V/CoreTask(14112): readLinesFromFile()
06-04 16:33:55.230: V/CoreTask(14112): readLinesFromFile()
06-04 16:33:55.230: V/CoreTask(14112): readLinesFromFile()
06-04 16:33:55.230: V/CoreTask(14112): readLinesFromFile()
06-04 16:33:55.230: V/CoreTask(14112): readLinesFromFile()
06-04 16:33:55.230: V/CoreTask(14112): readLinesFromFile()
06-04 16:33:55.240: V/CoreTask(14112): isAdhocModeEnabled()
06-04 16:33:55.240: V/CoreTask(14112): isNetworkInterfaceUp()
06-04 16:33:55.240: V/CoreTask(14112): runCommandGetOutput()
06-04 16:33:55.250: V/CoreTask(14112): EmptyStreamThread()
06-04 16:33:55.250: V/CoreTask(14112): EmptyStreamThread()
06-04 16:33:55.260: V/CoreTask(14112): getOutput()
06-04 16:33:55.260: V/CircularStringBuffer(14112): toString()
06-04 16:33:55.260: V/CoreTask(14112): getOutput()
06-04 16:33:55.260: V/CircularStringBuffer(14112): toString()
06-04 16:33:55.340: V/ManetContext(14059): IncomingHandler handleMessage()
06-04 16:33:55.340: D/ManetManagerApp(14059): onAdhocStateUpdated()
06-04 16:33:55.340: D/MainActivity(14059): onAdhocStateUpdated()
06-04 16:33:55.340: D/MainActivity(14059): removeDialog()
06-04 16:33:55.340: V/MainActivity(14059): showAdhocMode()
06-04 16:33:55.340: V/ManetManagerApp(14059): displayToastMessage()
